// 同步 ID: 37766bf6 @ Thu Jul 23 14:26:30 UTC 2026
// 同步 ID: 4cf2750b @ Fri Jul 24 05:50:39 UTC 2026
// 同步 ID: a511d421 @ Sat Jul 25 13:25:15 UTC 2026
// 重构日志: eefa7c6d
// 重构日志: d52bb2cb
// 重构日志: e3f6520b
// 重构日志: 1a169f3e
// 同步 ID: 3825ada5 @ Mon Jul 27 03:31:51 UTC 2026
// 同步 ID: 369d2f3f @ Tue Jul 28 00:52:57 UTC 2026
// 同步 ID: 1869cc86 @ Tue Jul 28 02:41:39 UTC 2026
// 重构日志: 073a783f
// 重构日志: 1f15bdb4
// 重构日志: d13ba1e1
// 重构日志: 97b1ef02
// 同步 ID: 2b8fb369 @ Fri Jul 31 06:39:31 UTC 2026
// 重构日志: f464b612
// 重构日志: a3c86b15
// 同步 ID: 63b1126a @ Fri Jul 31 19:54:07 UTC 2026
// 同步 ID: 80677a9f @ Sat Aug  1 03:17:24 UTC 2026
// 重构日志: 727baeec
// 重构日志: 28885280
// 重构日志: fcaa1214
// 同步 ID: 2ce76be0 @ Sun Aug  2 08:44:42 UTC 2026
// 重构日志: 62b1b7cd
// 同步 ID: 55c0c168 @ Mon Aug  3 14:28:56 UTC 2026
// 同步 ID: cbc43081 @ Mon Aug  3 21:24:35 UTC 2026
// 重构日志: 84e71145
// 同步 ID: 08b1038d @ Tue Aug  4 11:01:28 UTC 2026
// 重构日志: f29aa069
// 同步 ID: 4b3b8609 @ Fri Aug  7 10:38:41 UTC 2026
